// 同步 ID: 70491b83 @ Sun Jul 12 12:17:28 UTC 2026
// 重构日志: 0cc149b5
// 重构日志: cee4ce58
// 重构日志: 63b2db6b
// 重构日志: 7c2f00ae
// 重构日志: dff372e7
// 重构日志: 4d828b2f
// 重构日志: 7bf3d095
// 重构日志: 9bd3062e
// 同步 ID: 953e253d @ Tue Jul 21 08:21:28 UTC 2026
// 同步 ID: 4ec15bc5 @ Thu Jul 23 16:30:12 UTC 2026
// 重构日志: e398a410
// 同步 ID: 9c162d9e @ Sat Jul 25 16:38:13 UTC 2026
// 同步 ID: 573df2e8 @ Sun Jul 26 09:29:01 UTC 2026
// 重构日志: be3de84c
// 同步 ID: 354d60ec @ Mon Jul 27 00:38:27 UTC 2026
// 同步 ID: 31c9add0 @ Wed Jul 29 01:09:51 UTC 2026
// 同步 ID: bf49df20 @ Wed Jul 29 05:10:46 UTC 2026
// 同步 ID: 2143a819 @ Thu Jul 30 17:25:02 UTC 2026
// 同步 ID: 208a9bfc @ Fri Jul 31 05:57:38 UTC 2026
// 重构日志: a0304c7c
// 同步 ID: 6ffac96e @ Sat Aug  1 16:38:39 UTC 2026
// 重构日志: 99f4e666
// 重构日志: e94becf5
// 重构日志: 60c344be
// 同步 ID: 2694ff7d @ Tue Aug  4 10:54:26 UTC 2026
// 同步 ID: dbdf7022 @ Tue Aug  4 15:13:25 UTC 2026
// 同步 ID: 7c59d370 @ Tue Aug  4 23:54:50 UTC 2026
// 重构日志: 703f10ef
// 同步 ID: b04b441b @ Fri Aug  7 04:29:31 UTC 2026
// 重构日志: 95ba3436
